uict@raspberrypi:~/Desktop/camera-person-counter-UICT $ python3 src/web_app.py
Initializing camera with ID 0
Found video devices: ['/dev/video1', '/dev/video0', '/dev/video19', '/dev/video23', '/dev/video22', '/dev/video21', '/dev/video20', '/dev/video16', '/dev/video15', '/dev/video14', '/dev/video13', '/dev/video31', '/dev/video18', '/dev/video12', '/dev/video11', '/dev/video10']
[ WARN:0@1.497] global cap_v4l.cpp:982 open VIDEOIO(V4L2:/dev/video1): can't open camera by index
[ERROR:0@1.571] global obsensor_uvc_stream_channel.cpp:156 getStreamChannelGroup Camera index out of range
Successfully opened camera /dev/video0
[ WARN:0@1.942] global cap_v4l.cpp:982 open VIDEOIO(V4L2:/dev/video19): can't open camera by index
[ERROR:0@1.949] global obsensor_uvc_stream_channel.cpp:156 getStreamChannelGroup Camera index out of range
[ WARN:0@1.951] global cap_v4l.cpp:982 open VIDEOIO(V4L2:/dev/video23): can't open camera by index
[ERROR:0@1.958] global obsensor_uvc_stream_channel.cpp:156 getStreamChannelGroup Camera index out of range